event:planning
data:{"cities":["åäº¬"],"estimatedBudget":4000.0,"planId":null,"steps":[{"city":"åäº¬","description":"è·ååäº¬å¤©æ°ä¿¡æ¯ï¼ä¾¿äºå®ææ·å¤è¡ç¨","index":0,"toolInput":"åäº¬","toolName":"getWeather","type":"WEATHER"},{"city":"åäº¬","description":"æç´¢åäº¬éåæä¾£æ¸¸ç©çæ¯ç¹","index":1,"toolInput":"åäº¬","toolName":"searchAttractions","type":"ATTRACTION"},{"city":"åäº¬","description":"æç´¢åäº¬çéåºï¼ä¼åæµªæ¼«åæé£æ¯ä¼ç¾ç","index":2,"toolInput":"åäº¬","toolName":"searchHotels","type":"HOTEL"},{"city":"åäº¬","description":"æç´¢åäº¬çç¹è²é¤åï¼ç¹å«æ¯éåçº¦ä¼çå°æ¹","index":3,"toolInput":"åäº¬","toolName":"searchRestaurants","type":"RESTAURANT"}],"summary":"æä¾£æµªæ¼«åäº¬ä¹æï¼æ¶µçå¤©æ°æ¥è¯¢ãç­é¨æ¯ç¹ãèééåºåç¹è²ç¾é£ï¼éå3-4å¤©æ¸¸ç©ã","totalSteps":4}

event:executing
data:{"step":"è·ååäº¬å¤©æ°ä¿¡æ¯ï¼ä¾¿äºå®ææ·å¤è¡ç¨","status":"executing"}

event:tool_call
data:{"toolName":"getWeather","toolInput":"åäº¬"}

event:tool_result
data:[{"text":"{\"city\":\"åäº¬\",\"condition\":\"Poucas nuvens\",\"feelsLike\":\"26Â°C\",\"humidity\":\"94%\",\"obsTime\":\"2026-05-31T07:20-03:00\",\"remark\":\"æ°æ®æ¥æºï¼åé£å¤©æ°\",\"temperature\":\"24Â°C\",\"windDir\":\"SSW\",\"windSpeed\":\"13 km/h\"}"}]

event:executing
data:{"step":"è·ååäº¬å¤©æ°ä¿¡æ¯ï¼ä¾¿äºå®ææ·å¤è¡ç¨","status":"completed"}

event:executing
data:{"step":"æç´¢åäº¬éåæä¾£æ¸¸ç©çæ¯ç¹","status":"executing"}

event:tool_call
data:{"toolName":"searchAttractions","toolInput":"åäº¬"}

event:tool_result
data:[{"text":"[{\"address\":\"ç»æµææ¯å¼ååºæ¬¢ä¹è°·åè·¯8å·\",\"businessHours\":null,\"city\":null,\"id\":null,\"latitude\":32.163841,\"longitude\":118.998553,\"name\":\"åäº¬æ¬¢ä¹è°·\",\"phone\":\"025-83091666;025-86808702\",\"rating\":null,\"remark\":\"æ°æ®æ¥æºï¼é«å¾·å°å¾\",\"type\":\"é£æ¯åè;é£æ¯åèç¸å³;ææ¸¸æ¯ç¹\"},{\"address\":\"æ±¤å±±è¡éå£æ¹è·¯8å·\",\"businessHours\":null,\"city\":null,\"id\":null,\"latitude\":32.075695,\"longitude\":119.012382,\"name\":\"æ±èå­åå­\",\"phone\":\"025-52766789\",\"rating\":null,\"remark\":\"æ°æ®æ¥æºï¼é«å¾·å°å¾\",\"type\":\"é£æ¯åè;é£æ¯åèç¸å³;ææ¸¸æ¯ç¹\"},{\"address\":\"çæ­¦å··1å·çæ­¦æ¹å¬å­å\",\"businessHours\":null,\"city\":null,\"id\":null,\"latitude\":32.074352,\"longitude\":118.793168,\"name\":\"ç¯æ´²\",\"phone\":\"025-83614286\",\"rating\":null,\"remark\":\"æ°æ®æ¥æºï¼é«å¾·å°å¾\",\"type\":\"é£æ¯åè;é£æ¯åèç¸å³;ææ¸¸æ¯ç¹\"},{\"address\":\"æ±¤å±±éç¯éåè·¯8å·(è¿æ±¤å±±æº¶æ´)\",\"businessHours\":null,\"city\":null,\"id\":null,\"latitude\":32.064762,\"longitude\":119.037007,\"name\":\"ç´«æ¸æ¹åº¦ååº\",\"phone\":\"025-87127777\",\"rating\":null,\"remark\":\"æ°æ®æ¥æºï¼é«å¾·å°å¾\",\"type\":\"é£æ¯åè;é£æ¯åèç¸å³;ææ¸¸æ¯ç¹\"},{\"address\":\"é»å±±å²­è·¯90å·åäº¬èå±±å½å®¶æ£®æå¬å­\",\"businessHours\":null,\"city\":null,\"id\":null,\"latitude\":32.080803,\"longitude\":118.581242,\"name\":\"åå æ¯åº\",\"phone\":\"025-58883509\",\"rating\":null,\"remark\":\"æ°æ®æ¥æºï¼é«å¾·å°å¾\",\"type\":\"é£æ¯åè;é£æ¯åèç¸å³;ææ¸¸æ¯ç¹\"},{\"address\":\"ä¸´æ±è·¯1å·æµ¦å£ç«(æ§å)\",\"businessHours\":null,\"city\":null,\"id\":null,\"latitude\":32.097647,\"longitude\":118.720209,\"name\":\"æµ¦å£ç«è½¦ç«æåææ¸¸åº\",\"phone\":\"025-58166612\",\"rating\":null,\"remark\":\"æ°æ®æ¥æºï¼é«å¾·å°å¾\",\"type\":\"é£æ¯åè;é£æ¯åèç¸å³;ææ¸¸æ¯ç¹\"},{\"address\":\"ä¸­å±±åè·¯400å·çåéè¡åº\",\"businessHours\":null,\"city\":null,\"id\":null,\"latitude\":32.025916,\"longitude\":118.781759,\"name\":\"ççå®ç¬¬\",\"phone\":\"025-52217104;025-86628704\",\"rating\":null,\"remark\":\"æ°æ®æ¥æºï¼é«å¾·å°å¾\",\"type\":\"é£æ¯åè;é£æ¯åèç¸å³;ææ¸¸æ¯ç¹\"},{\"address\":\"æ¸©æ³è·¯18å·\",\"businessHours\":null,\"city\":null,\"id\":null,\"latitude\":32.050598,\"longitude\":119.059877,\"name\":\"æ±¤å±±ä¸å·æ¸©æ³åº¦ååº\",\"phone\":\"025-84102290;025-86371617\",\"rating\":null,\"remark\":\"æ°æ®æ¥æºï¼é«å¾·å°å¾\",\"type\":\"é£æ¯åè;é£æ¯åèç¸å³;ææ¸¸æ¯ç¹\"},{\"address\":\"çæ­¦æ¹å¬å­å\",\"businessHours\":null,\"city\":null,\"id\":null,\"latitude\":32.069225,\"longitude\":118.799,\"name\":\"çæ­¦æ¹æ¯åº-è±æ´²\",\"phone\":\"\",\"rating\":null,\"remark\":\"æ°æ®æ¥æºï¼é«å¾·å°å¾\",\"type\":\"é£æ¯åè;é£æ¯åèç¸å³;ææ¸¸æ¯ç¹\"},{\"address\":\"çæ­¦å··1å·çæ­¦æ¹æ¯åºå(è¥¿ä¾§)\",\"businessHours\":null,\"city\":null,\"id\":null,\"latitude\":32.071793,\"longitude\":118.79381,\"name\":\"çæ­¦æ¹æ¯åº-æ¨±æ´²\",\"phone\":\"025-83614286\",\"rating\":null,\"remark\":\"æ°æ®æ¥æºï¼é«å¾·å°å¾\",\"type\":\"é£æ¯åè;é£æ¯åèç¸å³;ææ¸¸æ¯ç¹\"}]"}]

event:executing
data:{"step":"æç´¢åäº¬éåæä¾£æ¸¸ç©çæ¯ç¹","status":"completed"}

event:executing
data:{"step":"æç´¢åäº¬çéåºï¼ä¼åæµªæ¼«åæé£æ¯ä¼ç¾ç","status":"executing"}

event:tool_call
data:{"toolName":"searchHotels","toolInput":"åäº¬"}

event:tool_result
data:[{"text":"[{\"address\":\"æ±ä¸­è·¯2å·ééµé¥­åºå¤§å 1-3å·\",\"city\":null,\"facilities\":null,\"id\":null,\"name\":\"ééµé¥­åº\",\"phone\":\"025-84711888;4008289966\",\"price\":0.0,\"rating\":4.7,\"remark\":\"æ°æ®æ¥æºï¼é«å¾·å°å¾\",\"type\":\"éåº\"},{\"address\":\"éºåè·¯8å·\",\"city\":null,\"facilities\":null,\"id\":null,\"name\":\"åäº¬å½ééå¹´ä¼è®®éåº\",\"phone\":\"025-51860520;025-86538888\",\"price\":0.0,\"rating\":4.7,\"remark\":\"æ°æ®æ¥æºï¼é«å¾·å°å¾\",\"type\":\"éåº\"},{\"address\":\"ä¸­å¤®è·¯329å·\",\"city\":null,\"facilities\":null,\"id\":null,\"name\":\"åäº¬é¦æ ¼éæ\",\"phone\":\"025-86308888\",\"price\":0.0,\"rating\":4.7,\"remark\":\"æ°æ®æ¥æºï¼é«å¾·å°å¾\",\"type\":\"éåº\"},{\"address\":\"æ±åæ°åºååæ²³è·¯89å·\",\"city\":null,\"facilities\":null,\"id\":null,\"name\":\"åäº¬ä¸°å¤§å½éå¤§éåº\",\"phone\":\"025-69076666\",\"price\":0.0,\"rating\":4.5,\"remark\":\"æ°æ®æ¥æºï¼é«å¾·å°å¾\",\"type\":\"éåº\"},{\"address\":\"æºè°·å¤§é1å·\",\"city\":null,\"facilities\":null,\"id\":null,\"name\":\"åäº¬ç½éæ±çµå¤§éåº\",\"phone\":\"025-66008888;025-66601666;025-66606999\",\"price\":0.0,\"rating\":4.6,\"remark\":\"æ°æ®æ¥æºï¼é«å¾·å°å¾\",\"type\":\"éåº\"},{\"address\":\"ç´«éå±±è·¯5å·\",\"city\":null,\"facilities\":null,\"id\":null,\"name\":\"åäº¬ä¸éå½å®¾é¦\",\"phone\":\"025-51800888\",\"price\":0.0,\"rating\":4.7,\"remark\":\"æ°æ®æ¥æºï¼é«å¾·å°å¾\",\"type\":\"éåº\"},{\"address\":\"ç¯éµè·¯18å·\",\"city\":null,\"facilities\":null,\"id\":null,\"name\":\"ç´«éå±±åº\",\"phone\":\"025-84858585;025-84858888\",\"price\":0.0,\"rating\":4.7,\"remark\":\"æ°æ®æ¥æºï¼é«å¾·å°å¾\",\"type\":\"éåº\"},{\"address\":\"åäº¬è¥¿è·¯67å·\",\"city\":null,\"facilities\":null,\"id\":null,\"name\":\"åä¸é¥­åº\",\"phone\":\"025-83120188;025-83120888\",\"price\":0.0,\"rating\":4.7,\"remark\":\"æ°æ®æ¥æºï¼é«å¾·å°å¾\",\"type\":\"éåº\"},{\"address\":\"é¾è ä¸­è·¯81å·\",\"city\":null,\"facilities\":null,\"id\":null,\"name\":\"åäº¬åå±±é¥­åº\",\"phone\":\"025-80886571\",\"price\":0.0,\"rating\":4.8,\"remark\":\"æ°æ®æ¥æºï¼é«å¾·å°å¾\",\"type\":\"éåº\"},{\"address\":\"è½¯ä»¶å¤§é119å·(å¤©éå¯ºå°éç«3å£æ­¥è¡220ç±³)\",\"city\":null,\"facilities\":null,\"id\":null,\"name\":\"åäº¬ä¸°çäºå­£å¯æ¦è»ééåº\",\"phone\":\"025-69619999\",\"price\":0.0,\"rating\":4.7,\"remark\":\"æ°æ®æ¥æºï¼é«å¾·å°å¾\",\"type\":\"éåº\"}]"}]

event:executing
data:{"step":"æç´¢åäº¬çéåºï¼ä¼åæµªæ¼«åæé£æ¯ä¼ç¾ç","status":"completed"}

event:executing
data:{"step":"æç´¢åäº¬çç¹è²é¤åï¼ç¹å«æ¯éåçº¦ä¼çå°æ¹","status":"executing"}

event:tool_call
data:{"toolName":"searchRestaurants","toolInput":"åäº¬"}

event:tool_result
data:[{"text":"[{\"address\":\"æå¤©å®«è¡éè¯äºè¡æéå··1å·\",\"businessHours\":null,\"city\":null,\"id\":null,\"latitude\":32.029251,\"longitude\":118.779783,\"name\":\"æè®°æ¸çé¦(æéå··åº)\",\"phone\":\"025-52257736\",\"rating\":null,\"remark\":\"æ°æ®æ¥æºï¼é«å¾·å°å¾\",\"type\":\"é¤é¥®æå¡;ä¸­é¤å;æ¸çèé¦\"},{\"address\":\"ä¸­å±±ä¸è·¯198å·é¾å°å½éå¤§å¦æå·´åæ\",\"businessHours\":null,\"city\":null,\"id\":null,\"latitude\":32.040697,\"longitude\":118.793211,\"name\":\"å°æ½è®°é¸­è¡ç²ä¸æ±¤\",\"phone\":\"18112936358\",\"rating\":null,\"remark\":\"æ°æ®æ¥æºï¼é«å¾·å°å¾\",\"type\":\"é¤é¥®æå¡;ä¸­é¤å;ä¸­é¤å\"},{\"address\":\"å¤§ç³åè¡79å·\",\"businessHours\":null,\"city\":null,\"id\":null,\"latitude\":32.018765,\"longitude\":118.790054,\"name\":\"ééµå®¶å®´Â·ééµæ¥.åäº¬è(å¤«å­åºåº)\",\"phone\":\"17749593133\",\"rating\":null,\"remark\":\"æ°æ®æ¥æºï¼é«å¾·å°å¾\",\"type\":\"é¤é¥®æå¡;ä¸­é¤å;ä¸­é¤å\"},{\"address\":\"ä¸å®¶æ¡¥18å·\",\"businessHours\":null,\"city\":null,\"id\":null,\"latitude\":32.070904,\"longitude\":118.777301,\"name\":\"æ¸çÂ·è¥¿åæ¡¥å¤´æé¢å¤§ç(ä¸å®¶æ¡¥åº)\",\"phone\":\"025-83226585;13305177988\",\"rating\":null,\"remark\":\"æ°æ®æ¥æºï¼é«å¾·å°å¾\",\"type\":\"é¤é¥®æå¡;ä¸­é¤å;æ¸çèé¦\"},{\"address\":\"ä¸­å±±é¨å¤§è¡9å·(è¿ä¸­å±±éµé£æ¯åº)\",\"businessHours\":null,\"city\":null,\"id\":null,\"latitude\":32.040974,\"longitude\":118.835665,\"name\":\"åäº¬å¤§çæ¡£(ä¸­å±±éµç´«éååº)\",\"phone\":\"025-52335777;15852906635;18762172170\",\"rating\":null,\"remark\":\"æ°æ®æ¥æºï¼é«å¾·å°å¾\",\"type\":\"é¤é¥®æå¡;ä¸­é¤å;ä¸­é¤å\"},{\"address\":\"é¿æ±è·¯288å·åäº¬1912è¡åº(ä¸åè§)\",\"businessHours\":null,\"city\":null,\"id\":null,\"latitude\":32.04505,\"longitude\":118.795997,\"name\":\"åäº¬å¤§çæ¡£(1912æ»ç»åºåº)\",\"phone\":\"13376052070\",\"rating\":null,\"remark\":\"æ°æ®æ¥æºï¼é«å¾·å°å¾\",\"type\":\"é¤é¥®æå¡;ä¸­é¤å;ä¸­é¤å\"},{\"address\":\"æ°¸å®è¡ééå±±æçµæè·¯(é»å¢©)\",\"businessHours\":null,\"city\":null,\"id\":null,\"latitude\":32.172264,\"longitude\":118.568387,\"name\":\"éå±±æ¸æ\",\"phone\":\"15996220915\",\"rating\":null,\"remark\":\"æ°æ®æ¥æºï¼é«å¾·å°å¾\",\"type\":\"é¤é¥®æå¡;ä¸­é¤å;æµ·é²éæ¥¼\"},{\"address\":\"ä¸­åè·¯533å·\",\"businessHours\":null,\"city\":null,\"id\":null,\"latitude\":32.014032,\"longitude\":118.782467,\"name\":\"æ åèå¤é¢(ä¸­åé¨æ»åº)\",\"phone\":\"13913913429;18770059796\",\"rating\":null,\"remark\":\"æ°æ®æ¥æºï¼é«å¾·å°å¾\",\"type\":\"é¤é¥®æå¡;ä¸­é¤å;ä¸­é¤å\"},{\"address\":\"å¼é³å¤§éå¼é³è£é¥°åD2-108-114å·\",\"businessHours\":null,\"city\":null,\"id\":null,\"latitude\":31.940466,\"longitude\":118.669318,\"name\":\"çæ»åºÂ·è´µå·é»çèé¦(æ¿æ¡¥çº¢å¤ªé³æ»åº)\",\"phone\":\"15952036307\",\"rating\":null,\"remark\":\"æ°æ®æ¥æºï¼é«å¾·å°å¾\",\"type\":\"é¤é¥®æå¡;ä¸­é¤å;ä¸­é¤å\"},{\"address\":\"ä¸­å±±åè·¯1å·åäº¬æ°ç¾Aåº§8æ¥¼(æ°è¡å£å°éç«9å·å£æ)\",\"businessHours\":null,\"city\":null,\"id\":null,\"latitude\":32.041059,\"longitude\":118.784836,\"name\":\"æµ·åºæç«é(æ°è¡å£æ°ç¾åº)\",\"phone\":\"025-66898062;025-86883331\",\"rating\":null,\"remark\":\"æ°æ®æ¥æºï¼é«å¾·å°å¾\",\"type\":\"é¤é¥®æå¡;ä¸­é¤å;ç«éåº\"}]"}]

event:executing
data:{"step":"æç´¢åäº¬çç¹è²é¤åï¼ç¹å«æ¯éåçº¦ä¼çå°æ¹","status":"completed"}

event:result
data:Travel Plan Summary
data:==================
data:
data:Cities: åäº¬
data:Total Steps: 4
data:
data:Step Results:
data:- Step 1 (WEATHER in åäº¬): Success
data:- Step 2 (ATTRACTION in åäº¬): Success
data:- Step 3 (HOTEL in åäº¬): Success
data:- Step 4 (RESTAURANT in åäº¬): Success
data:


